17:48:24 **** Incremental Build of configuration Debug for project Chap7-ex3 ****
make -j8 all 
arm-none-eabi-gcc "../Core/Src/main.c" -mcpu=cortex-m3 -std=gnu11 -g3 -DDEBUG -DUSE_HAL_DRIVER -DSTM32F103xB -c -I../Core/Inc -I../Drivers/STM32F1xx_HAL_Driver/Inc -I../Drivers/STM32F1xx_HAL_Driver/Inc/Legacy -I../Drivers/CMSIS/Device/ST/STM32F1xx/Include -I../Drivers/CMSIS/Include -O0 -ffunction-sections -fdata-sections -Wall -fstack-usage -MMD -MP -MF"Core/Src/main.d" -MT"Core/Src/main.o" --specs=nano.specs -mfloat-abi=soft -mthumb -o "Core/Src/main.o"
../Core/Src/main.c: In function 'MX_GPIO_Init':
../Core/Src/main.c:212:20: warning: unused variable 'GPIO_InitStruct' [-Wunused-variable]
  212 |   GPIO_InitTypeDef GPIO_InitStruct = {0};
      |                    ^~~~~~~~~~~~~~~
arm-none-eabi-gcc -o "Chap7-ex3.elf" @"objects.list"   -mcpu=cortex-m3 -T"E:\Embedded\[IDE] Nucleo STM32F103RB\Chap7-ex3\STM32F103RBTX_FLASH.ld" --specs=nosys.specs -Wl,-Map="Chap7-ex3.map" -Wl,--gc-sections -static --specs=nano.specs -mfloat-abi=soft -mthumb -Wl,--start-group -lc -lm -Wl,--end-group
Finished building target: Chap7-ex3.elf
 
arm-none-eabi-size   Chap7-ex3.elf 
arm-none-eabi-objdump -h -S  Chap7-ex3.elf  > "Chap7-ex3.list"
   text	   data	    bss	    dec	    hex	filename
   5944	     20	   1636	   7600	   1db0	Chap7-ex3.elf
Finished building: default.size.stdout
 
Finished building: Chap7-ex3.list
 

17:48:25 Build Finished. 0 errors, 1 warnings. (took 916ms)

