../Core/Src/main.c:76:5:main	16	static
../Core/Src/main.c:131:6:SystemClock_Config	72	static
../Core/Src/main.c:170:13:MX_USART2_UART_Init	8	static
../Core/Src/main.c:203:13:MX_GPIO_Init	40	static
../Core/Src/main.c:236:6:USART2_IRQHandler	8	static
../Core/Src/main.c:240:6:HAL_UART_RxCpltCallback	16	static
../Core/Src/main.c:245:6:performCriticalTasks	8	static
../Core/Src/main.c:249:6:printWelcomeMessage	40	static
../Core/Src/main.c:258:8:readUserInput	16	static
../Core/Src/main.c:269:9:processUserInput	48	static
../Core/Src/main.c:299:6:Error_Handler	4	static,ignoring_inline_asm
